---
source: crates/sqlcx-core/src/generator/typescript/mysql2.rs
expression: content
---
import mysql from "mysql2/promise";

export interface DatabaseClient {
  query<T>(sql: string, params: unknown[]): Promise<T[]>;
  queryOne<T>(sql: string, params: unknown[]): Promise<T | null>;
  execute(sql: string, params: unknown[]): Promise<{ rowsAffected: number }>;
}

export class Mysql2Client implements DatabaseClient {
  private pool: mysql.Pool;

  constructor(pool: mysql.Pool) {
    this.pool = pool;
  }

  async query<T>(text: string, values?: unknown[]): Promise<T[]> {
    const [rows] = await this.pool.execute(text, values);
    return rows as T[];
  }

  async queryOne<T>(text: string, values?: unknown[]): Promise<T | null> {
    const rows = await this.query<T>(text, values);
    return rows[0] ?? null;
  }

  async execute(text: string, values?: unknown[]): Promise<{ rowsAffected: number }> {
    const [result] = await this.pool.execute(text, values);
    return { rowsAffected: (result as mysql.ResultSetHeader).affectedRows };
  }
}
