---
source: crates/sqlcx-core/tests/e2e.rs
expression: "&file.content"
---
import { Type, type Static } from "@sinclair/typebox";

// Requires @sinclair/typebox >= 0.31.0 (for Type.Date and Type.Uint8Array)

type Prettify<T> = { [K in keyof T]: T[K] } & {};

export const UserStatus = Type.Union([Type.Literal("active"), Type.Literal("inactive"), Type.Literal("banned")]);

export const SelectUsers = Type.Object({
  "id": Type.Number(),
  "name": Type.String(),
  "email": Type.String(),
  "bio": Type.Union([Type.String(), Type.Null()]),
  "status": UserStatus,
  "tags": Type.Union([Type.Array(Type.String()), Type.Null()]),
  "created_at": Type.Date()
});

export const InsertUsers = Type.Object({
  "id": Type.Optional(Type.Number()),
  "name": Type.String(),
  "email": Type.String(),
  "bio": Type.Optional(Type.Union([Type.String(), Type.Null()])),
  "status": Type.Optional(UserStatus),
  "tags": Type.Optional(Type.Union([Type.Array(Type.String()), Type.Null()])),
  "created_at": Type.Optional(Type.Date())
});

export const SelectPosts = Type.Object({
  "id": Type.Number(),
  "user_id": Type.Number(),
  "title": Type.String(),
  "body": Type.String(),
  "published": Type.Boolean(),
  "created_at": Type.Date()
});

export const InsertPosts = Type.Object({
  "id": Type.Optional(Type.Number()),
  "user_id": Type.Number(),
  "title": Type.String(),
  "body": Type.String(),
  "published": Type.Optional(Type.Boolean()),
  "created_at": Type.Optional(Type.Date())
});

export type SelectUsers = Prettify<Static<typeof SelectUsers>>;

export type InsertUsers = Prettify<Static<typeof InsertUsers>>;

export type SelectPosts = Prettify<Static<typeof SelectPosts>>;

export type InsertPosts = Prettify<Static<typeof InsertPosts>>;

export type UserStatus = Prettify<Static<typeof UserStatus>>;
