---
source: crates/sqlcx-core/src/generator/typescript/pg.rs
expression: content
---
import { Pool, type QueryResult } from "pg";

export interface DatabaseClient {
  query<T>(sql: string, params: unknown[]): Promise<T[]>;
  queryOne<T>(sql: string, params: unknown[]): Promise<T | null>;
  execute(sql: string, params: unknown[]): Promise<{ rowsAffected: number }>;
}

export class PgClient implements DatabaseClient {
  private pool: Pool;

  constructor(pool: Pool) {
    this.pool = pool;
  }

  async query<T>(text: string, values?: unknown[]): Promise<T[]> {
    const result: QueryResult = await this.pool.query(text, values);
    return result.rows as T[];
  }

  async queryOne<T>(text: string, values?: unknown[]): Promise<T | null> {
    const rows = await this.query<T>(text, values);
    return rows[0] ?? null;
  }

  async execute(text: string, values?: unknown[]): Promise<{ rowsAffected: number }> {
    const result: QueryResult = await this.pool.query(text, values);
    return { rowsAffected: result.rowCount ?? 0 };
  }
}
